http://download.quranicaudio.com/quran/rifai/001.mp3
http://download.quranicaudio.com/quran/rifai/002.mp3
http://download.quranicaudio.com/quran/rifai/003.mp3
http://download.quranicaudio.com/quran/rifai/004.mp3
http://download.quranicaudio.com/quran/rifai/005.mp3
http://download.quranicaudio.com/quran/rifai/006.mp3
http://download.quranicaudio.com/quran/rifai/007.mp3
http://download.quranicaudio.com/quran/rifai/008.mp3
http://download.quranicaudio.com/quran/rifai/009.mp3
http://download.quranicaudio.com/quran/rifai/010.mp3
http://download.quranicaudio.com/quran/rifai/011.mp3
http://download.quranicaudio.com/quran/rifai/012.mp3
http://download.quranicaudio.com/quran/rifai/013.mp3
http://download.quranicaudio.com/quran/rifai/014.mp3
http://download.quranicaudio.com/quran/rifai/015.mp3
http://ahlalquran.ir/sounds/rifai/016.mp3
http://download.quranicaudio.com/quran/rifai/017.mp3
http://download.quranicaudio.com/quran/rifai/018.mp3
http://download.quranicaudio.com/quran/rifai/019.mp3
http://download.quranicaudio.com/quran/rifai/020.mp3
http://download.quranicaudio.com/quran/rifai/021.mp3
http://download.quranicaudio.com/quran/rifai/022.mp3
http://download.quranicaudio.com/quran/rifai/023.mp3
http://ahlalquran.ir/sounds/rifai/024.mp3
http://download.quranicaudio.com/quran/rifai/025.mp3
http://download.quranicaudio.com/quran/rifai/026.mp3
http://download.quranicaudio.com/quran/rifai/027.mp3
http://download.quranicaudio.com/quran/rifai/028.mp3
http://download.quranicaudio.com/quran/rifai/029.mp3
http://download.quranicaudio.com/quran/rifai/030.mp3
http://download.quranicaudio.com/quran/rifai/031.mp3
http://download.quranicaudio.com/quran/rifai/032.mp3
http://download.quranicaudio.com/quran/rifai/033.mp3
http://download.quranicaudio.com/quran/rifai/034.mp3
http://download.quranicaudio.com/quran/rifai/035.mp3
http://download.quranicaudio.com/quran/rifai/036.mp3
http://download.quranicaudio.com/quran/rifai/037.mp3
http://download.quranicaudio.com/quran/rifai/038.mp3
http://download.quranicaudio.com/quran/rifai/039.mp3
http://download.quranicaudio.com/quran/rifai/040.mp3
http://download.quranicaudio.com/quran/rifai/041.mp3
http://download.quranicaudio.com/quran/rifai/042.mp3
http://download.quranicaudio.com/quran/rifai/043.mp3
http://download.quranicaudio.com/quran/rifai/044.mp3
http://download.quranicaudio.com/quran/rifai/045.mp3
http://download.quranicaudio.com/quran/rifai/046.mp3
http://download.quranicaudio.com/quran/rifai/047.mp3
http://download.quranicaudio.com/quran/rifai/048.mp3
http://download.quranicaudio.com/quran/rifai/049.mp3
http://download.quranicaudio.com/quran/rifai/050.mp3
http://download.quranicaudio.com/quran/rifai/051.mp3
http://download.quranicaudio.com/quran/rifai/052.mp3
http://download.quranicaudio.com/quran/rifai/053.mp3
http://download.quranicaudio.com/quran/rifai/054.mp3
http://download.quranicaudio.com/quran/rifai/055.mp3
http://download.quranicaudio.com/quran/rifai/056.mp3
http://download.quranicaudio.com/quran/rifai/057.mp3
http://download.quranicaudio.com/quran/rifai/058.mp3
http://download.quranicaudio.com/quran/rifai/059.mp3
http://download.quranicaudio.com/quran/rifai/060.mp3
http://download.quranicaudio.com/quran/rifai/061.mp3
http://download.quranicaudio.com/quran/rifai/062.mp3
http://download.quranicaudio.com/quran/rifai/063.mp3
http://download.quranicaudio.com/quran/rifai/064.mp3
http://download.quranicaudio.com/quran/rifai/065.mp3
http://download.quranicaudio.com/quran/rifai/066.mp3
http://download.quranicaudio.com/quran/rifai/067.mp3
http://download.quranicaudio.com/quran/rifai/068.mp3
http://download.quranicaudio.com/quran/rifai/069.mp3
http://download.quranicaudio.com/quran/rifai/070.mp3
http://download.quranicaudio.com/quran/rifai/071.mp3
http://download.quranicaudio.com/quran/rifai/072.mp3
http://download.quranicaudio.com/quran/rifai/073.mp3
http://download.quranicaudio.com/quran/rifai/074.mp3
http://download.quranicaudio.com/quran/rifai/075.mp3
http://download.quranicaudio.com/quran/rifai/076.mp3
http://download.quranicaudio.com/quran/rifai/077.mp3
http://ahlalquran.ir/sounds/rifai/078.mp3
http://download.quranicaudio.com/quran/rifai/079.mp3
http://download.quranicaudio.com/quran/rifai/080.mp3
http://download.quranicaudio.com/quran/rifai/081.mp3
http://download.quranicaudio.com/quran/rifai/082.mp3
http://download.quranicaudio.com/quran/rifai/083.mp3
http://download.quranicaudio.com/quran/rifai/084.mp3
http://download.quranicaudio.com/quran/rifai/085.mp3
http://download.quranicaudio.com/quran/rifai/086.mp3
http://download.quranicaudio.com/quran/rifai/087.mp3
http://download.quranicaudio.com/quran/rifai/088.mp3
http://download.quranicaudio.com/quran/rifai/089.mp3
http://download.quranicaudio.com/quran/rifai/090.mp3
http://download.quranicaudio.com/quran/rifai/091.mp3
http://download.quranicaudio.com/quran/rifai/092.mp3
http://download.quranicaudio.com/quran/rifai/093.mp3
http://download.quranicaudio.com/quran/rifai/094.mp3
http://download.quranicaudio.com/quran/rifai/095.mp3
http://download.quranicaudio.com/quran/rifai/096.mp3
http://download.quranicaudio.com/quran/rifai/097.mp3
http://download.quranicaudio.com/quran/rifai/098.mp3
http://download.quranicaudio.com/quran/rifai/099.mp3
http://download.quranicaudio.com/quran/rifai/100.mp3
http://download.quranicaudio.com/quran/rifai/101.mp3
http://download.quranicaudio.com/quran/rifai/102.mp3
http://download.quranicaudio.com/quran/rifai/103.mp3
http://download.quranicaudio.com/quran/rifai/104.mp3
http://download.quranicaudio.com/quran/rifai/105.mp3
http://download.quranicaudio.com/quran/rifai/106.mp3
http://download.quranicaudio.com/quran/rifai/107.mp3
http://download.quranicaudio.com/quran/rifai/108.mp3
http://download.quranicaudio.com/quran/rifai/109.mp3
http://download.quranicaudio.com/quran/rifai/110.mp3
http://download.quranicaudio.com/quran/rifai/111.mp3
http://download.quranicaudio.com/quran/rifai/112.mp3
http://download.quranicaudio.com/quran/rifai/113.mp3
http://download.quranicaudio.com/quran/rifai/114.mp3
