http://www.almuaiqly.com/Complete_Quran/mp3/mono/128kbps/001_AlFatehah.mp3
http://www.almuaiqly.com/Complete_Quran/mp3/mono/128kbps/002_AlBaqarah.mp3
http://www.almuaiqly.com/Complete_Quran/mp3/mono/128kbps/003_AllEmran.mp3
http://www.almuaiqly.com/Complete_Quran/mp3/mono/128kbps/004_AnNisaa.mp3
http://www.almuaiqly.com/Complete_Quran/mp3/mono/128kbps/005_AlMaEidah.mp3
http://www.almuaiqly.com/Complete_Quran/mp3/mono/128kbps/006_AlAnaam.mp3
http://www.almuaiqly.com/Complete_Quran/mp3/mono/128kbps/007_AlAaraf.mp3
http://www.almuaiqly.com/Complete_Quran/mp3/mono/128kbps/008_AlAnfal.mp3
http://www.almuaiqly.com/Complete_Quran/mp3/mono/128kbps/009_AtTaubah.mp3
http://www.almuaiqly.com/Complete_Quran/mp3/mono/128kbps/010_Yunus.mp3
http://www.almuaiqly.com/Complete_Quran/mp3/mono/128kbps/011_Hud.mp3
http://www.almuaiqly.com/Complete_Quran/mp3/mono/128kbps/012_Yusuf.mp3
http://www.almuaiqly.com/Complete_Quran/mp3/mono/128kbps/013_ArRaad.mp3
http://www.almuaiqly.com/Complete_Quran/mp3/mono/128kbps/014_Ibrahim.mp3
http://www.almuaiqly.com/Complete_Quran/mp3/mono/128kbps/015_AlHijr.mp3
http://www.almuaiqly.com/Complete_Quran/mp3/mono/128kbps/016_AnNahl.mp3
http://www.almuaiqly.com/Complete_Quran/mp3/mono/128kbps/017_AlIsraa.mp3
http://www.almuaiqly.com/Complete_Quran/mp3/mono/128kbps/018_AlKahf.mp3
http://www.almuaiqly.com/Complete_Quran/mp3/mono/128kbps/019_Maryam.mp3
http://www.almuaiqly.com/Complete_Quran/mp3/mono/128kbps/020_TaHa.mp3
http://www.almuaiqly.com/Complete_Quran/mp3/mono/128kbps/021_AlAnbiyaa.mp3
http://www.almuaiqly.com/Complete_Quran/mp3/mono/128kbps/022_AlHajj.mp3
http://www.almuaiqly.com/Complete_Quran/mp3/mono/128kbps/023_AlMuminun.mp3
http://www.almuaiqly.com/Complete_Quran/mp3/mono/128kbps/024_AnNur.mp3
http://www.almuaiqly.com/Complete_Quran/mp3/mono/128kbps/025_AlFurqan.mp3
http://www.almuaiqly.com/Complete_Quran/mp3/mono/128kbps/026_AshShuaraa.mp3
http://www.almuaiqly.com/Complete_Quran/mp3/mono/128kbps/027_AnNaml.mp3
http://www.almuaiqly.com/Complete_Quran/mp3/mono/128kbps/028_AlQasas.mp3
http://www.almuaiqly.com/Complete_Quran/mp3/mono/128kbps/029_AlAnkabut.mp3
http://www.almuaiqly.com/Complete_Quran/mp3/mono/128kbps/030_ArRum.mp3
http://www.almuaiqly.com/Complete_Quran/mp3/mono/128kbps/031_Luqman.mp3
http://www.almuaiqly.com/Complete_Quran/mp3/mono/128kbps/032_AsSajdah.mp3
http://www.almuaiqly.com/Complete_Quran/mp3/mono/128kbps/033_AlAhzab.mp3
http://www.almuaiqly.com/Complete_Quran/mp3/mono/128kbps/034_Sabaa.mp3
http://www.almuaiqly.com/Complete_Quran/mp3/mono/128kbps/035_Fatir.mp3
http://www.almuaiqly.com/Complete_Quran/mp3/mono/128kbps/036_YaSin.mp3
http://www.almuaiqly.com/Complete_Quran/mp3/mono/128kbps/037_AsSaffat.mp3
http://www.almuaiqly.com/Complete_Quran/mp3/mono/128kbps/038_Sad.mp3
http://www.almuaiqly.com/Complete_Quran/mp3/mono/128kbps/039_AzZumar.mp3
http://www.almuaiqly.com/Complete_Quran/mp3/mono/128kbps/040_Ghafir.mp3
http://www.almuaiqly.com/Complete_Quran/mp3/mono/128kbps/041_Fussilat.mp3
http://www.almuaiqly.com/Complete_Quran/mp3/mono/128kbps/042_AshShura.mp3
http://www.almuaiqly.com/Complete_Quran/mp3/mono/128kbps/043_AzZukhruf.mp3
http://www.almuaiqly.com/Complete_Quran/mp3/mono/128kbps/044_AdDukhan.mp3
http://www.almuaiqly.com/Complete_Quran/mp3/mono/128kbps/045_AlJathiyah.mp3
http://www.almuaiqly.com/Complete_Quran/mp3/mono/128kbps/046_AlAhqaf.mp3
http://www.almuaiqly.com/Complete_Quran/mp3/mono/128kbps/047_Muhammad.mp3
http://www.almuaiqly.com/Complete_Quran/mp3/mono/128kbps/048_AlFath.mp3
http://www.almuaiqly.com/Complete_Quran/mp3/mono/128kbps/049_AlHujurat.mp3
http://www.almuaiqly.com/Complete_Quran/mp3/mono/128kbps/050_Qaf.mp3
http://www.almuaiqly.com/Complete_Quran/mp3/mono/128kbps/051_AdhDhariyat.mp3
http://www.almuaiqly.com/Complete_Quran/mp3/mono/128kbps/052_AtTur.mp3
http://www.almuaiqly.com/Complete_Quran/mp3/mono/128kbps/053_AnNajm.mp3
http://www.almuaiqly.com/Complete_Quran/mp3/mono/128kbps/054_AlQamar.mp3
http://www.almuaiqly.com/Complete_Quran/mp3/mono/128kbps/055_ArRahman.mp3
http://www.almuaiqly.com/Complete_Quran/mp3/mono/128kbps/056_AlWaqiaah.mp3
http://www.almuaiqly.com/Complete_Quran/mp3/mono/128kbps/057_AlHadied.mp3
http://www.almuaiqly.com/Complete_Quran/mp3/mono/128kbps/058_AlMujadilah.mp3
http://www.almuaiqly.com/Complete_Quran/mp3/mono/128kbps/059_AlHashr.mp3
http://www.almuaiqly.com/Complete_Quran/mp3/mono/128kbps/060_AlMumtahanah.mp3
http://www.almuaiqly.com/Complete_Quran/mp3/mono/128kbps/061_AsSaff.mp3
http://www.almuaiqly.com/Complete_Quran/mp3/mono/128kbps/062_AlJumuaah.mp3
http://www.almuaiqly.com/Complete_Quran/mp3/mono/128kbps/063_AlMunafiqun.mp3
http://www.almuaiqly.com/Complete_Quran/mp3/mono/128kbps/064_AtTaghabun.mp3
http://www.almuaiqly.com/Complete_Quran/mp3/mono/128kbps/065_AtTalaq.mp3
http://www.almuaiqly.com/Complete_Quran/mp3/mono/128kbps/066_AtTahrim.mp3
http://www.almuaiqly.com/Complete_Quran/mp3/mono/128kbps/067_AlMulk.mp3
http://www.almuaiqly.com/Complete_Quran/mp3/mono/128kbps/068_AlQalam.mp3
http://www.almuaiqly.com/Complete_Quran/mp3/mono/128kbps/069_AlHaqqah.mp3
http://www.almuaiqly.com/Complete_Quran/mp3/mono/128kbps/070_AlMaarij.mp3
http://www.almuaiqly.com/Complete_Quran/mp3/mono/128kbps/071_Nuh.mp3
http://www.almuaiqly.com/Complete_Quran/mp3/mono/128kbps/072_AlJinn.mp3
http://www.almuaiqly.com/Complete_Quran/mp3/mono/128kbps/073_AlMuzzammil.mp3
http://www.almuaiqly.com/Complete_Quran/mp3/mono/128kbps/074_AlMuddaththir.mp3
http://www.almuaiqly.com/Complete_Quran/mp3/mono/128kbps/075_AlQiyamah.mp3
http://www.almuaiqly.com/Complete_Quran/mp3/mono/128kbps/076_AlEnsan.mp3
http://www.almuaiqly.com/Complete_Quran/mp3/mono/128kbps/077_AlMursalat.mp3
http://www.almuaiqly.com/Complete_Quran/mp3/mono/128kbps/078_AnNabaa.mp3
http://www.almuaiqly.com/Complete_Quran/mp3/mono/128kbps/079_AnNaziaat.mp3
http://www.almuaiqly.com/Complete_Quran/mp3/mono/128kbps/080_Abasa.mp3
http://www.almuaiqly.com/Complete_Quran/mp3/mono/128kbps/081_AtTakwir.mp3
http://www.almuaiqly.com/Complete_Quran/mp3/mono/128kbps/082_AlIEnfitar.mp3
http://www.almuaiqly.com/Complete_Quran/mp3/mono/128kbps/083_AlMutaffifin.mp3
http://www.almuaiqly.com/Complete_Quran/mp3/mono/128kbps/084_AlInshiqaq.mp3
http://www.almuaiqly.com/Complete_Quran/mp3/mono/128kbps/085_AlBuruj.mp3
http://www.almuaiqly.com/Complete_Quran/mp3/mono/128kbps/086_AtTariq.mp3
http://www.almuaiqly.com/Complete_Quran/mp3/mono/128kbps/087_AlAala.mp3
http://www.almuaiqly.com/Complete_Quran/mp3/mono/128kbps/088_AlGhashiyah.mp3
http://www.almuaiqly.com/Complete_Quran/mp3/mono/128kbps/089_AlFajr.mp3
http://www.almuaiqly.com/Complete_Quran/mp3/mono/128kbps/090_AlBalad.mp3
http://www.almuaiqly.com/Complete_Quran/mp3/mono/128kbps/091_AshShams.mp3
http://www.almuaiqly.com/Complete_Quran/mp3/mono/128kbps/092_AlLail.mp3
http://www.almuaiqly.com/Complete_Quran/mp3/mono/128kbps/093_AdDuha.mp3
http://www.almuaiqly.com/Complete_Quran/mp3/mono/128kbps/094_AshSharh.mp3
http://www.almuaiqly.com/Complete_Quran/mp3/mono/128kbps/095_AtTin.mp3
http://www.almuaiqly.com/Complete_Quran/mp3/mono/128kbps/096_AlAlaq.mp3
http://www.almuaiqly.com/Complete_Quran/mp3/mono/128kbps/097_AlQadr.mp3
http://www.almuaiqly.com/Complete_Quran/mp3/mono/128kbps/098_AlBayyinah.mp3
http://www.almuaiqly.com/Complete_Quran/mp3/mono/128kbps/099_AzZalzalah.mp3
http://www.almuaiqly.com/Complete_Quran/mp3/mono/128kbps/100_AlAadiyat.mp3
http://www.almuaiqly.com/Complete_Quran/mp3/mono/128kbps/101_AlQariaah.mp3
http://www.almuaiqly.com/Complete_Quran/mp3/mono/128kbps/102_AtTakathur.mp3
http://www.almuaiqly.com/Complete_Quran/mp3/mono/128kbps/103_AlAsr.mp3
http://www.almuaiqly.com/Complete_Quran/mp3/mono/128kbps/104_AlHumazah.mp3
http://www.almuaiqly.com/Complete_Quran/mp3/mono/128kbps/105_AlFil.mp3
http://www.almuaiqly.com/Complete_Quran/mp3/mono/128kbps/106_Quraish.mp3
http://www.almuaiqly.com/Complete_Quran/mp3/mono/128kbps/107_AlMaaun.mp3
http://www.almuaiqly.com/Complete_Quran/mp3/mono/128kbps/108_AlKauthar.mp3
http://www.almuaiqly.com/Complete_Quran/mp3/mono/128kbps/109_AlKafirun.mp3
http://www.almuaiqly.com/Complete_Quran/mp3/mono/128kbps/110_AnNasr.mp3
http://www.almuaiqly.com/Complete_Quran/mp3/mono/128kbps/111_AlMasad.mp3
http://www.almuaiqly.com/Complete_Quran/mp3/mono/128kbps/112_AlIkhlas.mp3
http://www.almuaiqly.com/Complete_Quran/mp3/mono/128kbps/113_AlFalaq.mp3
http://www.almuaiqly.com/Complete_Quran/mp3/mono/128kbps/114_AnNas.mp3