http://download.quranicaudio.com/quran/muhammad_siddeeq_al-minshaawee/001.mp3
http://download.quranicaudio.com/quran/muhammad_siddeeq_al-minshaawee/002.mp3
http://download.quranicaudio.com/quran/muhammad_siddeeq_al-minshaawee/003.mp3
http://download.quranicaudio.com/quran/muhammad_siddeeq_al-minshaawee/004.mp3
http://download.quranicaudio.com/quran/muhammad_siddeeq_al-minshaawee/005.mp3
http://download.quranicaudio.com/quran/muhammad_siddeeq_al-minshaawee/006.mp3
http://download.quranicaudio.com/quran/muhammad_siddeeq_al-minshaawee/007.mp3
http://download.quranicaudio.com/quran/muhammad_siddeeq_al-minshaawee/008.mp3
http://download.quranicaudio.com/quran/muhammad_siddeeq_al-minshaawee/009.mp3
http://download.quranicaudio.com/quran/muhammad_siddeeq_al-minshaawee/010.mp3
http://download.quranicaudio.com/quran/muhammad_siddeeq_al-minshaawee/011.mp3
http://download.quranicaudio.com/quran/muhammad_siddeeq_al-minshaawee/012.mp3
http://download.quranicaudio.com/quran/muhammad_siddeeq_al-minshaawee/013.mp3
http://download.quranicaudio.com/quran/muhammad_siddeeq_al-minshaawee/014.mp3
http://download.quranicaudio.com/quran/muhammad_siddeeq_al-minshaawee/015.mp3
http://download.quranicaudio.com/quran/muhammad_siddeeq_al-minshaawee/016.mp3
http://download.quranicaudio.com/quran/muhammad_siddeeq_al-minshaawee/017.mp3
http://download.quranicaudio.com/quran/muhammad_siddeeq_al-minshaawee/018.mp3
http://download.quranicaudio.com/quran/muhammad_siddeeq_al-minshaawee/019.mp3
http://download.quranicaudio.com/quran/muhammad_siddeeq_al-minshaawee/020.mp3
http://download.quranicaudio.com/quran/muhammad_siddeeq_al-minshaawee/021.mp3
http://download.quranicaudio.com/quran/muhammad_siddeeq_al-minshaawee/022.mp3
http://download.quranicaudio.com/quran/muhammad_siddeeq_al-minshaawee/023.mp3
http://download.quranicaudio.com/quran/muhammad_siddeeq_al-minshaawee/024.mp3
http://download.quranicaudio.com/quran/muhammad_siddeeq_al-minshaawee/025.mp3
http://download.quranicaudio.com/quran/muhammad_siddeeq_al-minshaawee/026.mp3
http://download.quranicaudio.com/quran/muhammad_siddeeq_al-minshaawee/027.mp3
http://download.quranicaudio.com/quran/muhammad_siddeeq_al-minshaawee/028.mp3
http://download.quranicaudio.com/quran/muhammad_siddeeq_al-minshaawee/029.mp3
http://download.quranicaudio.com/quran/muhammad_siddeeq_al-minshaawee/030.mp3
http://download.quranicaudio.com/quran/muhammad_siddeeq_al-minshaawee/031.mp3
http://download.quranicaudio.com/quran/muhammad_siddeeq_al-minshaawee/032.mp3
http://download.quranicaudio.com/quran/muhammad_siddeeq_al-minshaawee/033.mp3
http://download.quranicaudio.com/quran/muhammad_siddeeq_al-minshaawee/034.mp3
http://download.quranicaudio.com/quran/muhammad_siddeeq_al-minshaawee/035.mp3
http://download.quranicaudio.com/quran/muhammad_siddeeq_al-minshaawee/036.mp3
http://download.quranicaudio.com/quran/muhammad_siddeeq_al-minshaawee/037.mp3
http://download.quranicaudio.com/quran/muhammad_siddeeq_al-minshaawee/038.mp3
http://download.quranicaudio.com/quran/muhammad_siddeeq_al-minshaawee/039.mp3
http://download.quranicaudio.com/quran/muhammad_siddeeq_al-minshaawee/040.mp3
http://download.quranicaudio.com/quran/muhammad_siddeeq_al-minshaawee/041.mp3
http://download.quranicaudio.com/quran/muhammad_siddeeq_al-minshaawee/042.mp3
http://download.quranicaudio.com/quran/muhammad_siddeeq_al-minshaawee/043.mp3
http://download.quranicaudio.com/quran/muhammad_siddeeq_al-minshaawee/044.mp3
http://download.quranicaudio.com/quran/muhammad_siddeeq_al-minshaawee/045.mp3
http://download.quranicaudio.com/quran/muhammad_siddeeq_al-minshaawee/046.mp3
http://download.quranicaudio.com/quran/muhammad_siddeeq_al-minshaawee/047.mp3
http://download.quranicaudio.com/quran/muhammad_siddeeq_al-minshaawee/048.mp3
http://download.quranicaudio.com/quran/muhammad_siddeeq_al-minshaawee/049.mp3
http://download.quranicaudio.com/quran/muhammad_siddeeq_al-minshaawee/050.mp3
http://download.quranicaudio.com/quran/muhammad_siddeeq_al-minshaawee/051.mp3
http://download.quranicaudio.com/quran/muhammad_siddeeq_al-minshaawee/052.mp3
http://download.quranicaudio.com/quran/muhammad_siddeeq_al-minshaawee/053.mp3
http://download.quranicaudio.com/quran/muhammad_siddeeq_al-minshaawee/054.mp3
http://download.quranicaudio.com/quran/muhammad_siddeeq_al-minshaawee/055.mp3
http://download.quranicaudio.com/quran/muhammad_siddeeq_al-minshaawee/056.mp3
http://download.quranicaudio.com/quran/muhammad_siddeeq_al-minshaawee/057.mp3
http://download.quranicaudio.com/quran/muhammad_siddeeq_al-minshaawee/058.mp3
http://download.quranicaudio.com/quran/muhammad_siddeeq_al-minshaawee/059.mp3
http://download.quranicaudio.com/quran/muhammad_siddeeq_al-minshaawee/060.mp3
http://download.quranicaudio.com/quran/muhammad_siddeeq_al-minshaawee/061.mp3
http://download.quranicaudio.com/quran/muhammad_siddeeq_al-minshaawee/062.mp3
http://download.quranicaudio.com/quran/muhammad_siddeeq_al-minshaawee/063.mp3
http://download.quranicaudio.com/quran/muhammad_siddeeq_al-minshaawee/064.mp3
http://download.quranicaudio.com/quran/muhammad_siddeeq_al-minshaawee/065.mp3
http://download.quranicaudio.com/quran/muhammad_siddeeq_al-minshaawee/066.mp3
http://download.quranicaudio.com/quran/muhammad_siddeeq_al-minshaawee/067.mp3
http://download.quranicaudio.com/quran/muhammad_siddeeq_al-minshaawee/068.mp3
http://download.quranicaudio.com/quran/muhammad_siddeeq_al-minshaawee/069.mp3
http://download.quranicaudio.com/quran/muhammad_siddeeq_al-minshaawee/070.mp3
http://download.quranicaudio.com/quran/muhammad_siddeeq_al-minshaawee/071.mp3
http://download.quranicaudio.com/quran/muhammad_siddeeq_al-minshaawee/072.mp3
http://download.quranicaudio.com/quran/muhammad_siddeeq_al-minshaawee/073.mp3
http://download.quranicaudio.com/quran/muhammad_siddeeq_al-minshaawee/074.mp3
http://download.quranicaudio.com/quran/muhammad_siddeeq_al-minshaawee/075.mp3
http://download.quranicaudio.com/quran/muhammad_siddeeq_al-minshaawee/076.mp3
http://download.quranicaudio.com/quran/muhammad_siddeeq_al-minshaawee/077.mp3
http://download.quranicaudio.com/quran/muhammad_siddeeq_al-minshaawee/078.mp3
http://download.quranicaudio.com/quran/muhammad_siddeeq_al-minshaawee/079.mp3
http://download.quranicaudio.com/quran/muhammad_siddeeq_al-minshaawee/080.mp3
http://download.quranicaudio.com/quran/muhammad_siddeeq_al-minshaawee/081.mp3
http://download.quranicaudio.com/quran/muhammad_siddeeq_al-minshaawee/082.mp3
http://download.quranicaudio.com/quran/muhammad_siddeeq_al-minshaawee/083.mp3
http://download.quranicaudio.com/quran/muhammad_siddeeq_al-minshaawee/084.mp3
http://download.quranicaudio.com/quran/muhammad_siddeeq_al-minshaawee/085.mp3
http://download.quranicaudio.com/quran/muhammad_siddeeq_al-minshaawee/086.mp3
http://download.quranicaudio.com/quran/muhammad_siddeeq_al-minshaawee/087.mp3
http://download.quranicaudio.com/quran/muhammad_siddeeq_al-minshaawee/088.mp3
http://download.quranicaudio.com/quran/muhammad_siddeeq_al-minshaawee/089.mp3
http://download.quranicaudio.com/quran/muhammad_siddeeq_al-minshaawee/090.mp3
http://download.quranicaudio.com/quran/muhammad_siddeeq_al-minshaawee/091.mp3
http://download.quranicaudio.com/quran/muhammad_siddeeq_al-minshaawee/092.mp3
http://download.quranicaudio.com/quran/muhammad_siddeeq_al-minshaawee/093.mp3
http://download.quranicaudio.com/quran/muhammad_siddeeq_al-minshaawee/094.mp3
http://download.quranicaudio.com/quran/muhammad_siddeeq_al-minshaawee/095.mp3
http://download.quranicaudio.com/quran/muhammad_siddeeq_al-minshaawee/096.mp3
http://download.quranicaudio.com/quran/muhammad_siddeeq_al-minshaawee/097.mp3
http://download.quranicaudio.com/quran/muhammad_siddeeq_al-minshaawee/098.mp3
http://download.quranicaudio.com/quran/muhammad_siddeeq_al-minshaawee/099.mp3
http://download.quranicaudio.com/quran/muhammad_siddeeq_al-minshaawee/100.mp3
http://download.quranicaudio.com/quran/muhammad_siddeeq_al-minshaawee/101.mp3
http://download.quranicaudio.com/quran/muhammad_siddeeq_al-minshaawee/102.mp3
http://download.quranicaudio.com/quran/muhammad_siddeeq_al-minshaawee/103.mp3
http://download.quranicaudio.com/quran/muhammad_siddeeq_al-minshaawee/104.mp3
http://download.quranicaudio.com/quran/muhammad_siddeeq_al-minshaawee/105.mp3
http://download.quranicaudio.com/quran/muhammad_siddeeq_al-minshaawee/106.mp3
http://download.quranicaudio.com/quran/muhammad_siddeeq_al-minshaawee/107.mp3
http://download.quranicaudio.com/quran/muhammad_siddeeq_al-minshaawee/108.mp3
http://download.quranicaudio.com/quran/muhammad_siddeeq_al-minshaawee/109.mp3
http://download.quranicaudio.com/quran/muhammad_siddeeq_al-minshaawee/110.mp3
http://download.quranicaudio.com/quran/muhammad_siddeeq_al-minshaawee/111.mp3
http://download.quranicaudio.com/quran/muhammad_siddeeq_al-minshaawee/112.mp3
http://download.quranicaudio.com/quran/muhammad_siddeeq_al-minshaawee/113.mp3
http://download.quranicaudio.com/quran/muhammad_siddeeq_al-minshaawee/114.mp3
