http://download.quranicaudio.com/quran/salah_alhashim/001.mp3
http://download.quranicaudio.com/quran/salah_alhashim/002.mp3
http://download.quranicaudio.com/quran/salah_alhashim/003.mp3
http://download.quranicaudio.com/quran/salah_alhashim/004.mp3
http://download.quranicaudio.com/quran/salah_alhashim/005.mp3
http://download.quranicaudio.com/quran/salah_alhashim/006.mp3
http://download.quranicaudio.com/quran/salah_alhashim/007.mp3
http://download.quranicaudio.com/quran/salah_alhashim/008.mp3
http://download.quranicaudio.com/quran/salah_alhashim/009.mp3
http://download.quranicaudio.com/quran/salah_alhashim/010.mp3
http://download.quranicaudio.com/quran/salah_alhashim/011.mp3
http://download.quranicaudio.com/quran/salah_alhashim/012.mp3
http://download.quranicaudio.com/quran/salah_alhashim/013.mp3
http://download.quranicaudio.com/quran/salah_alhashim/014.mp3
http://download.quranicaudio.com/quran/salah_alhashim/015.mp3
http://download.quranicaudio.com/quran/salah_alhashim/016.mp3
http://download.quranicaudio.com/quran/salah_alhashim/017.mp3
http://download.quranicaudio.com/quran/salah_alhashim/018.mp3
http://download.quranicaudio.com/quran/salah_alhashim/019.mp3
http://download.quranicaudio.com/quran/salah_alhashim/020.mp3
http://download.quranicaudio.com/quran/salah_alhashim/021.mp3
http://download.quranicaudio.com/quran/salah_alhashim/022.mp3
http://download.quranicaudio.com/quran/salah_alhashim/023.mp3
http://download.quranicaudio.com/quran/salah_alhashim/024.mp3
http://download.quranicaudio.com/quran/salah_alhashim/025.mp3
http://download.quranicaudio.com/quran/salah_alhashim/026.mp3
http://download.quranicaudio.com/quran/salah_alhashim/027.mp3
http://download.quranicaudio.com/quran/salah_alhashim/028.mp3
http://download.quranicaudio.com/quran/salah_alhashim/029.mp3
http://download.quranicaudio.com/quran/salah_alhashim/030.mp3
http://download.quranicaudio.com/quran/salah_alhashim/031.mp3
http://download.quranicaudio.com/quran/salah_alhashim/032.mp3
http://download.quranicaudio.com/quran/salah_alhashim/033.mp3
http://download.quranicaudio.com/quran/salah_alhashim/034.mp3
http://download.quranicaudio.com/quran/salah_alhashim/035.mp3
http://download.quranicaudio.com/quran/salah_alhashim/036.mp3
http://download.quranicaudio.com/quran/salah_alhashim/037.mp3
http://download.quranicaudio.com/quran/salah_alhashim/038.mp3
http://download.quranicaudio.com/quran/salah_alhashim/039.mp3
http://download.quranicaudio.com/quran/salah_alhashim/040.mp3
http://download.quranicaudio.com/quran/salah_alhashim/041.mp3
http://download.quranicaudio.com/quran/salah_alhashim/042.mp3
http://download.quranicaudio.com/quran/salah_alhashim/043.mp3
http://download.quranicaudio.com/quran/salah_alhashim/044.mp3
http://download.quranicaudio.com/quran/salah_alhashim/045.mp3
http://download.quranicaudio.com/quran/salah_alhashim/046.mp3
http://download.quranicaudio.com/quran/salah_alhashim/047.mp3
http://download.quranicaudio.com/quran/salah_alhashim/048.mp3
http://download.quranicaudio.com/quran/salah_alhashim/049.mp3
http://download.quranicaudio.com/quran/salah_alhashim/050.mp3
http://download.quranicaudio.com/quran/salah_alhashim/051.mp3
http://download.quranicaudio.com/quran/salah_alhashim/052.mp3
http://download.quranicaudio.com/quran/salah_alhashim/053.mp3
http://download.quranicaudio.com/quran/salah_alhashim/054.mp3
http://download.quranicaudio.com/quran/salah_alhashim/055.mp3
http://download.quranicaudio.com/quran/salah_alhashim/056.mp3
http://download.quranicaudio.com/quran/salah_alhashim/057.mp3
http://download.quranicaudio.com/quran/salah_alhashim/058.mp3
http://download.quranicaudio.com/quran/salah_alhashim/059.mp3
http://download.quranicaudio.com/quran/salah_alhashim/060.mp3
http://download.quranicaudio.com/quran/salah_alhashim/061.mp3
http://download.quranicaudio.com/quran/salah_alhashim/062.mp3
http://download.quranicaudio.com/quran/salah_alhashim/063.mp3
http://download.quranicaudio.com/quran/salah_alhashim/064.mp3
http://download.quranicaudio.com/quran/salah_alhashim/065.mp3
http://download.quranicaudio.com/quran/salah_alhashim/066.mp3
http://download.quranicaudio.com/quran/salah_alhashim/067.mp3
http://download.quranicaudio.com/quran/salah_alhashim/068.mp3
http://download.quranicaudio.com/quran/salah_alhashim/069.mp3
http://download.quranicaudio.com/quran/salah_alhashim/070.mp3
http://download.quranicaudio.com/quran/salah_alhashim/071.mp3
http://download.quranicaudio.com/quran/salah_alhashim/072.mp3
http://download.quranicaudio.com/quran/salah_alhashim/073.mp3
http://download.quranicaudio.com/quran/salah_alhashim/074.mp3
http://download.quranicaudio.com/quran/salah_alhashim/075.mp3
http://download.quranicaudio.com/quran/salah_alhashim/076.mp3
http://download.quranicaudio.com/quran/salah_alhashim/077.mp3
http://download.quranicaudio.com/quran/salah_alhashim/078.mp3
http://download.quranicaudio.com/quran/salah_alhashim/079.mp3
http://download.quranicaudio.com/quran/salah_alhashim/080.mp3
http://download.quranicaudio.com/quran/salah_alhashim/081.mp3
http://download.quranicaudio.com/quran/salah_alhashim/082.mp3
http://download.quranicaudio.com/quran/salah_alhashim/083.mp3
http://download.quranicaudio.com/quran/salah_alhashim/084.mp3
http://download.quranicaudio.com/quran/salah_alhashim/085.mp3
http://download.quranicaudio.com/quran/salah_alhashim/086.mp3
http://download.quranicaudio.com/quran/salah_alhashim/087.mp3
http://download.quranicaudio.com/quran/salah_alhashim/088.mp3
http://download.quranicaudio.com/quran/salah_alhashim/089.mp3
http://download.quranicaudio.com/quran/salah_alhashim/090.mp3
http://download.quranicaudio.com/quran/salah_alhashim/091.mp3
http://download.quranicaudio.com/quran/salah_alhashim/092.mp3
http://download.quranicaudio.com/quran/salah_alhashim/093.mp3
http://download.quranicaudio.com/quran/salah_alhashim/094.mp3
http://download.quranicaudio.com/quran/salah_alhashim/095.mp3
http://download.quranicaudio.com/quran/salah_alhashim/096.mp3
http://download.quranicaudio.com/quran/salah_alhashim/097.mp3
http://download.quranicaudio.com/quran/salah_alhashim/098.mp3
http://download.quranicaudio.com/quran/salah_alhashim/099.mp3
http://download.quranicaudio.com/quran/salah_alhashim/100.mp3
http://download.quranicaudio.com/quran/salah_alhashim/101.mp3
http://download.quranicaudio.com/quran/salah_alhashim/102.mp3
http://download.quranicaudio.com/quran/salah_alhashim/103.mp3
http://download.quranicaudio.com/quran/salah_alhashim/104.mp3
http://download.quranicaudio.com/quran/salah_alhashim/105.mp3
http://download.quranicaudio.com/quran/salah_alhashim/106.mp3
http://download.quranicaudio.com/quran/salah_alhashim/107.mp3
http://download.quranicaudio.com/quran/salah_alhashim/108.mp3
http://download.quranicaudio.com/quran/salah_alhashim/109.mp3
http://download.quranicaudio.com/quran/salah_alhashim/110.mp3
http://download.quranicaudio.com/quran/salah_alhashim/111.mp3
http://download.quranicaudio.com/quran/salah_alhashim/112.mp3
http://download.quranicaudio.com/quran/salah_alhashim/113.mp3
http://download.quranicaudio.com/quran/salah_alhashim/114.mp3
